
> server@1.0.0 start
> nodemon index.js

[33m[nodemon] 2.0.15[39m
[33m[nodemon] to restart at any time, enter `rs`[39m
[33m[nodemon] watching path(s): *.*[39m
[33m[nodemon] watching extensions: js,mjs,json[39m
[32m[nodemon] starting `node index.js`[39m
Dummy user already exists.
Server running on port 5001
MongooseServerSelectionError: connect ECONNREFUSED 127.0.0.1:27018
    at Model.$wrapCallback (D:\Projects\College-Erp\server\node_modules\mongoose\lib\model.js:4980:32)
    at D:\Projects\College-Erp\server\node_modules\mongoose\lib\query.js:4655:21
    at D:\Projects\College-Erp\server\node_modules\mongoose\lib\helpers\promiseOrCallback.js:32:5
    at new Promise (<anonymous>)
    at promiseOrCallback (D:\Projects\College-Erp\server\node_modules\mongoose\lib\helpers\promiseOrCallback.js:31:10)
    at model.Query.exec (D:\Projects\College-Erp\server\node_modules\mongoose\lib\query.js:4654:10)
    at Query.then (D:\Projects\College-Erp\server\node_modules\mongoose\lib\query.js:4737:15)
    at process.processTicksAndRejections (node:internal/process/task_queues:105:5) {
  reason: TopologyDescription {
    type: 'Single',
    servers: Map(1) { '127.0.0.1:27018' => [ServerDescription] },
    stale: false,
    compatible: true,
    heartbeatFrequencyMS: 10000,
    localThresholdMS: 15,
    commonWireVersion: 27,
    logicalSessionTimeoutMinutes: undefined
  }
}
MongooseServerSelectionError: connect ECONNREFUSED 127.0.0.1:27018
    at Model.$wrapCallback (D:\Projects\College-Erp\server\node_modules\mongoose\lib\model.js:4980:32)
    at D:\Projects\College-Erp\server\node_modules\mongoose\lib\query.js:4655:21
    at D:\Projects\College-Erp\server\node_modules\mongoose\lib\helpers\promiseOrCallback.js:32:5
    at new Promise (<anonymous>)
    at promiseOrCallback (D:\Projects\College-Erp\server\node_modules\mongoose\lib\helpers\promiseOrCallback.js:31:10)
    at model.Query.exec (D:\Projects\College-Erp\server\node_modules\mongoose\lib\query.js:4654:10)
    at Query.then (D:\Projects\College-Erp\server\node_modules\mongoose\lib\query.js:4737:15)
    at process.processTicksAndRejections (node:internal/process/task_queues:105:5) {
  reason: TopologyDescription {
    type: 'Single',
    servers: Map(1) { '127.0.0.1:27018' => [ServerDescription] },
    stale: false,
    compatible: true,
    heartbeatFrequencyMS: 10000,
    localThresholdMS: 15,
    commonWireVersion: 27,
    logicalSessionTimeoutMinutes: undefined
  }
}
[31m[nodemon] app crashed - waiting for file changes before starting...[39m
[32m[nodemon] restarting due to changes...[39m
[32m[nodemon] starting `node index.js`[39m
Mongo Error connect ECONNREFUSED 127.0.0.1:27018
[32m[nodemon] clean exit - waiting for changes before restart[39m
[32m[nodemon] restarting due to changes...[39m
[32m[nodemon] starting `node index.js`[39m
Dummy user already exists.
Server running on port 5001
